// Jest Snapshot v1, https://goo.gl/fbAQLP

exports[`fundraising event tests - correct Tiltify fundraising event incentives returned 1`] = `
Array [
  Object {
    "createdAt": 155396141600,
    "description": "The legendary top prize returns. Raise $5,000 for the kids of St. Jude by May 31 and the best seat in the house will be yours.",
    "fundraisingEventId": 136,
    "id": 274,
    "image": Object {
      "alt": "",
      "height": 800,
      "src": "https://assets.tiltify.com/uploads/fundraising_event_incentive/image/274/playlive-incentive-1553961414406.jpg",
      "width": 800,
    },
    "title": "St. Jude PLAY LIVE Vertagear Chair",
  },
  Object {
    "createdAt": 155396124800,
    "description": "New for this year, raise $2,500 by May 31 to stay in clear and comfortable contact with your team in the middle of every match.",
    "fundraisingEventId": 136,
    "id": 273,
    "image": Object {
      "alt": "",
      "height": 800,
      "src": "https://assets.tiltify.com/uploads/fundraising_event_incentive/image/273/playlive-incentive-1553961246435.jpg",
      "width": 800,
    },
    "title": "St. Jude PLAY LIVE SteelSeries Arctis Pro",
  },
  Object {
    "createdAt": 155396117600,
    "description": "Want to show how dedicated you are? Raise $1,000 by May 31 and rock this exclusive St. Jude PLAY LIVE backpack at your next con!",
    "fundraisingEventId": 136,
    "id": 272,
    "image": Object {
      "alt": "",
      "height": 800,
      "src": "https://assets.tiltify.com/uploads/fundraising_event_incentive/image/272/playlive-st-jude-play-live-black-backpack-1555612396367.jpg",
      "width": 800,
    },
    "title": "St. Jude PLAY LIVE Black Backpack",
  },
  Object {
    "createdAt": 155396112600,
    "description": "One of the rarest apparel items in all of gaming can be yours if you raise raise $500 for the kids of St. Jude by May 31!",
    "fundraisingEventId": 136,
    "id": 271,
    "image": Object {
      "alt": "",
      "height": 800,
      "src": "https://assets.tiltify.com/uploads/fundraising_event_incentive/image/271/playlive-incentive-1553961124674.jpg",
      "width": 800,
    },
    "title": "St. Jude PLAY LIVE Twitch Purple Hoodie",
  },
  Object {
    "createdAt": 155396106500,
    "description": "Need something to keep hold your drinks while you're tearing through Fortnite? Raise $300 by May 31 to earn this steel tumbler.",
    "fundraisingEventId": 136,
    "id": 270,
    "image": Object {
      "alt": "",
      "height": 800,
      "src": "https://assets.tiltify.com/uploads/fundraising_event_incentive/image/270/playlive-incentive-1553961059555.jpg",
      "width": 800,
    },
    "title": "St. Jude PLAY LIVE Steel Tumbler",
  },
  Object {
    "createdAt": 155396098400,
    "description": "Never worry about your mouse sliding off the pad again with this massive table mat. Just raise $200 by May 31, and it is yours!",
    "fundraisingEventId": 136,
    "id": 269,
    "image": Object {
      "alt": "",
      "height": 800,
      "src": "https://assets.tiltify.com/uploads/fundraising_event_incentive/image/269/playlive-incentive-1553960979213.jpg",
      "width": 800,
    },
    "title": "St. Jude PLAY LIVE XXL Mousepad",
  },
  Object {
    "createdAt": 155396092400,
    "description": "Updated for 2019, this is an exclusive reward for those that raise at least $100 for the kids of St. Jude!",
    "fundraisingEventId": 136,
    "id": 268,
    "image": Object {
      "alt": "",
      "height": 800,
      "src": "https://assets.tiltify.com/uploads/fundraising_event_incentive/image/268/playlive-incentive-1553960921575.jpg",
      "width": 800,
    },
    "title": "St. Jude PLAY LIVE 2019 T-Shirt",
  },
  Object {
    "createdAt": 155396086400,
    "description": "Need help getting started? Be one of the first 1,000 people to raise $25 and receive a bundle of swag to get your viewers hyped!",
    "fundraisingEventId": 136,
    "id": 267,
    "image": Object {
      "alt": "",
      "height": 800,
      "src": "https://assets.tiltify.com/uploads/fundraising_event_incentive/image/267/playlive-st-jude-play-live-booster-pack-1555612307681.jpg",
      "width": 800,
    },
    "title": "St. Jude PLAY LIVE Booster Pack",
  },
]
`;

exports[`fundraising event tests - correct Tiltify fundraising event leaderboards returned 1`] = `
Object {
  "individual": Any<Array>,
  "team": Any<Array>,
  "weekly": Any<Array>,
}
`;

exports[`fundraising event tests - correct Tiltify fundraising event returned 1`] = `
Object {
  "avatar": Object {
    "alt": "",
    "height": 64,
    "src": "https://assets.tiltify.com/uploads/fundraising_event/avatar/136/playlive-avatar-1553962049542.jpg",
    "width": 64,
  },
  "banner": Object {
    "alt": "",
    "height": 530,
    "src": "https://assets.tiltify.com/uploads/fundraising_event/banner/136/playlive-banner-1553961594251.jpg",
    "width": 1440,
  },
  "causeId": 35,
  "contactEmail": "playlive@stjude.org",
  "description": "Sign up to create your own campaign and start fundraising. Play and stream your favorite video games to raise donations and unlock exclusive loot.

### Play For More Than Bragging Rights

St. Jude has helped push the childhood cancer survival rate from less than 20% when we opened to 80% today. We won’t stop until no child dies from cancer.

### [Click here to find out more!](https://goo.gl/eYovUq)",
  "endsAt": "2020-03-31",
  "fundraiserGoalAmount": 2000000,
  "id": 136,
  "image": Object {
    "alt": "",
    "height": 360,
    "src": "https://assets.tiltify.com/uploads/fundraising_event/image/136/playlive-image-1553961729635.jpg",
    "width": 640,
  },
  "logo": Object {
    "alt": "",
    "height": 64,
    "src": "https://assets.tiltify.com/uploads/fundraising_event/logo/136/playlive-logo-1553961912243.png",
    "width": 100,
  },
  "message": "### Welcome to the 2019 St. Jude PLAY LIVE Prize Season!

Fundraising kicks off on Friday, April 26. Right now set up your fundraising page & start spreading the word! 

[Click here](https://goo.gl/RKwlV2) to find out about this year’s prizes from our sponsors!

Don’t forget that you can integrate your Tiltify account with Stream Labs or StreamJar to get access to stream overlays. [Find out more here](http://bit.ly/2dIhfqc).

Follow @stjudeplaylive for more tips and info!",
  "name": "St. Jude PLAY LIVE 2019",
  "parent": Object {
    "id": 39,
    "name": "St. Jude PLAY LIVE",
    "slug": "playlive",
  },
  "settings": Object {
    "colors": Object {
      "background": "#000000",
      "highlight": "#bf0d3e",
    },
    "headerIntro": "Start a campaign, play games, raise funds, win prizes and help kids battling childhood cancer.",
    "headerTitle": "St. Jude PLAY LIVE",
    "registrationFields": Object {
      "address": Object {
        "enabled": true,
        "position": 0,
        "required": true,
      },
      "dateOfBirth": Object {
        "enabled": true,
        "position": 6,
        "required": true,
      },
      "phoneNumber": Object {
        "enabled": true,
        "position": 5,
        "required": true,
      },
      "serviceHours": Object {
        "enabled": false,
        "position": 2,
        "required": false,
      },
      "shirtSize": Object {
        "enabled": true,
        "position": 1,
        "required": true,
      },
    },
    "visibilityOptions": Object {
      "donate": Object {
        "visible": true,
      },
      "donorLeaderboard": Object {
        "visible": true,
      },
      "endsAt": Object {
        "visible": true,
      },
      "fundraiserGoalAmount": Object {
        "type": "BOTH",
        "visible": true,
      },
      "goal": Object {
        "visible": true,
      },
      "individualLeaderboard": Object {
        "heat": true,
        "type": "ALL",
        "visible": true,
      },
      "preventDonationsBeforeStart": Object {
        "visible": false,
      },
      "raised": Object {
        "visible": true,
      },
      "regions": Object {
        "visible": true,
      },
      "registration": Object {
        "visible": true,
      },
      "startsAt": Object {
        "visible": true,
      },
      "sustainedGiving": Object {
        "visible": true,
      },
      "sustainedGivingStats": Object {
        "visible": false,
      },
      "teamLeaderboard": Object {
        "heat": true,
        "type": "ALL",
        "visible": true,
      },
    },
  },
  "shortDescription": "St. Jude PLAY LIVE is where gamers can help the kids of St. Jude Children’s Research Hospital by doing what they love-playing video games. Sign-up, set a goal, earn awesome prizes today!",
  "slug": "st-jude-play-live-2019",
  "startsAt": "2019-04-01",
  "status": "retired",
  "totalAmountRaised": Any<Number>,
  "type": "FundraisingEvent",
  "video": "https://www.youtube.com/watch?v=kSqVRLA75co",
}
`;
